A51 MACRO ASSEMBLER  STARTUP                                                              10/13/2023 13:30:23 PAGE     1


MACRO ASSEMBLER A51 V8.2.7.0
OBJECT MODULE PLACED IN .\Objects\STARTUP.obj
ASSEMBLER INVOKED BY: C:\Keil_v5\C51\BIN\A51.EXE STARTUP.A51 SET(SMALL) DEBUG PRINT(.\Listings\STARTUP.lst) OBJECT(.\Obj
                      ects\STARTUP.obj) EP

LOC  OBJ            LINE     SOURCE

0000                   1     ORG 0000H
0000 802E              2     JMP RUN ;jump into loop
0030                   3     ORG 0030H
0030                   4     RUN:
0030 758132            5                     MOV SP, #32H
0033 7403              6                     MOV A, #00000011B
0035 F8                7                     MOV R0, A
0036 F5A0              8                     MOV P2, A
0038 D290              9                     SETB P1.0
003A D294             10                     SETB P1.4
003C 23               11                     RL A
003D 1161             12                     ACALL DAD250
003F 80EF             13                     SJMP RUN
0041                  14     PUSH1:
0041 117A             15                     ACALL DEBOUNCE
0043 C000             16                     PUSH 00H
0045 22               17                     RET
0046                  18     PAD:
0046 117A             19                     ACALL DEBOUNCE
0048 117A             20                     ACALL DEBOUNCE
004A 117A             21                     ACALL DEBOUNCE
004C 117A             22                     ACALL DEBOUNCE
004E 117A             23                     ACALL DEBOUNCE
0050 117A             24                     ACALL DEBOUNCE
0052 117A             25                     ACALL DEBOUNCE
0054 117A             26                     ACALL DEBOUNCE
0056 117A             27                     ACALL DEBOUNCE
0058 117A             28                     ACALL DEBOUNCE
005A D000             29                     POP 00H
005C E8               30                     MOV A, R0
005D F5A0             31                     MOV P2, A
005F 8022             32                     SJMP STOP
                      33     
                      34     
0061                  35     DAD250:
0061 7FFA             36                     MOV R7, #250 ; move 50 times into R4
0063                  37     LOOP0:
0063 7EFA             38                     MOV R6, #250 ; move 250 times into R3
0065                  39                     TEMP0:
0065 3090D9           40                                     JNB P1.0, PUSH1
0068 3094DB           41                                     JNB P1.4, PAD
006B DEF8             42                                     DJNZ R6, TEMP0
006D 7EFA             43                     MOV R6, #250 ; move 250 times into R3
006F                  44                     TEMP1:
006F 3090CF           45                                     JNB P1.0, PUSH1
0072 3094D1           46                                     JNB P1.4, PAD
0075 DEF8             47                                     DJNZ R6, TEMP1
0077 DFEA             48                     DJNZ R7, LOOP0 ; delay 25ms
0079 22               49                     RET ; return to main code
007A                  50     DEBOUNCE:
007A 7F32             51                     MOV R7, #50 ; move 50 times into R4
007C                  52     LOOP1:
007C 7EFA             53                     MOV R6, #250 ; move 250 times into R3
007E DEFE             54                     DJNZ R6, $ ; jump to itself R3 times
0080 DFFA             55                     DJNZ R7, LOOP1 ; delay 25ms
0082 22               56                     RET ; return to main code
0083                  57     STOP:
A51 MACRO ASSEMBLER  STARTUP                                                              10/13/2023 13:30:23 PAGE     2

0083 80FE             58                     SJMP STOP
                      59     END
A51 MACRO ASSEMBLER  STARTUP                                                              10/13/2023 13:30:23 PAGE     3

SYMBOL TABLE LISTING
------ ----- -------


N A M E             T Y P E  V A L U E   ATTRIBUTES

DAD250 . . . . . .  C ADDR   0061H   A   
DEBOUNCE . . . . .  C ADDR   007AH   A   
LOOP0. . . . . . .  C ADDR   0063H   A   
LOOP1. . . . . . .  C ADDR   007CH   A   
P1 . . . . . . . .  D ADDR   0090H   A   
P2 . . . . . . . .  D ADDR   00A0H   A   
PAD. . . . . . . .  C ADDR   0046H   A   
PUSH1. . . . . . .  C ADDR   0041H   A   
RUN. . . . . . . .  C ADDR   0030H   A   
SP . . . . . . . .  D ADDR   0081H   A   
STOP . . . . . . .  C ADDR   0083H   A   
TEMP0. . . . . . .  C ADDR   0065H   A   
TEMP1. . . . . . .  C ADDR   006FH   A   


REGISTER BANK(S) USED: 0 


ASSEMBLY COMPLETE.  0 WARNING(S), 0 ERROR(S)
