A51 MACRO ASSEMBLER  STARTUP                                                              10/18/2023 17:29:23 PAGE     1


MACRO ASSEMBLER A51 V8.2.7.0
OBJECT MODULE PLACED IN .\Objects\STARTUP.obj
ASSEMBLER INVOKED BY: C:\Keil_v5\C51\BIN\A51.EXE STARTUP.A51 SET(SMALL) DEBUG PRINT(.\Listings\STARTUP.lst) OBJECT(.\Obj
                      ects\STARTUP.obj) EP

LOC  OBJ            LINE     SOURCE

0000                   1     ORG 0000H
0000 758130            2     MOV SP, #30H
0003 74FC              3     MOV A, #11111100B
0005 7D00              4     MOV R5, #0
0007 8027              5     JMP RUN0 ;jump into loop
0030                   6     ORG 0030H
0030                   7     RUN0:
0030 7FFA              8                     MOV R7, #250
0032                   9     RUN:
0032 7EFA             10                     MOV R6, #250
0034 F5A0             11                     MOV P2, A
0036 D290             12                     SETB P1.0
0038 D294             13                     SETB P1.4
003A 30900E           14                     JNB P1.0, PUSH1
003D                  15     CONT:
003D 30941D           16                     JNB P1.4, POPALL
0040 DEFE             17                     DJNZ R6, $
0042 7EFA             18                     MOV R6, #250
0044 DEFE             19                     DJNZ R6, $
0046 DFEA             20                     DJNZ R7, RUN
0048 23               21                     RL A
0049 80E5             22                     SJMP RUN0
004B                  23     PUSH1:
004B 1154             24                     ACALL DELAY125
004D 1154             25                     ACALL DELAY125
004F C0A0             26                     PUSH 0A0H
0051 0D               27                     INC R5
0052 80E9             28                     SJMP CONT
0054                  29     DELAY125:
0054 7FFA             30                     MOV R7, #250 ; move 50 times into R4
0056                  31     LOOP1:
0056 7EFA             32                     MOV R6, #250 ; move 250 times into R3
0058 DEFE             33                     DJNZ R6, $ ; jump to itself R3 times
005A DFFA             34                     DJNZ R7, LOOP1 ; delay 25ms
005C 22               35                     RET ; return to main code
005D                  36     POPALL:
005D 1154             37                     ACALL DELAY125
005F 1154             38                     ACALL DELAY125
0061 1154             39                     ACALL DELAY125
0063 1154             40                     ACALL DELAY125
0065 D0A0             41                     POP 0A0H
0067 DDF4             42                     DJNZ R5, POPALL
                      43     END
A51 MACRO ASSEMBLER  STARTUP                                                              10/18/2023 17:29:23 PAGE     2

SYMBOL TABLE LISTING
------ ----- -------


N A M E             T Y P E  V A L U E   ATTRIBUTES

CONT . . . . . . .  C ADDR   003DH   A   
DELAY125 . . . . .  C ADDR   0054H   A   
LOOP1. . . . . . .  C ADDR   0056H   A   
P1 . . . . . . . .  D ADDR   0090H   A   
P2 . . . . . . . .  D ADDR   00A0H   A   
POPALL . . . . . .  C ADDR   005DH   A   
PUSH1. . . . . . .  C ADDR   004BH   A   
RUN. . . . . . . .  C ADDR   0032H   A   
RUN0 . . . . . . .  C ADDR   0030H   A   
SP . . . . . . . .  D ADDR   0081H   A   


REGISTER BANK(S) USED: 0 


ASSEMBLY COMPLETE.  0 WARNING(S), 0 ERROR(S)
