A51 MACRO ASSEMBLER  STARTUP                                                              10/14/2023 10:37:38 PAGE     1


MACRO ASSEMBLER A51 V8.2.7.0
OBJECT MODULE PLACED IN .\Objects\STARTUP.obj
ASSEMBLER INVOKED BY: C:\Keil_v5\C51\BIN\A51.EXE STARTUP.A51 SET(SMALL) DEBUG PRINT(.\Listings\STARTUP.lst) OBJECT(.\Obj
                      ects\STARTUP.obj) EP

LOC  OBJ            LINE     SOURCE

0000                   1     ORG 0000H
0000 758130            2     MOV SP, #30H
0003 74FC              3     MOV A, #11111100B
0005 7D00              4     MOV R5, #0
0007 8027              5     JMP RUN0 ;jump into loop
0030                   6     ORG 0030H
0030                   7     RUN0:
0030 7FFA              8                     MOV R7, #250
0032                   9     RUN:
0032 7EFA             10                     MOV R6, #250
0034 F8               11                     MOV R0, A
0035 F5A0             12                     MOV P2, A
0037 D290             13                     SETB P1.0
0039 D294             14                     SETB P1.4
003B 30900E           15                     JNB P1.0, PUSH1
003E                  16     CONT:
003E 30941D           17                     JNB P1.4, POPALL
0041 DEFE             18                     DJNZ R6, $
0043 7EFA             19                     MOV R6, #250
0045 DEFE             20                     DJNZ R6, $
0047 DFE9             21                     DJNZ R7, RUN
0049 23               22                     RL A
004A 80E4             23                     SJMP RUN0
004C                  24     PUSH1:
004C 1155             25                     ACALL DELAY125
004E 1155             26                     ACALL DELAY125
0050 C000             27                     PUSH 00H
0052 0D               28                     INC R5
0053 80E9             29                     SJMP CONT
0055                  30     DELAY125:
0055 7FFA             31                     MOV R7, #250 ; move 50 times into R4
0057                  32     LOOP1:
0057 7EFA             33                     MOV R6, #250 ; move 250 times into R3
0059 DEFE             34                     DJNZ R6, $ ; jump to itself R3 times
005B DFFA             35                     DJNZ R7, LOOP1 ; delay 25ms
005D 22               36                     RET ; return to main code
005E                  37     POPALL:
005E 1155             38                     ACALL DELAY125
0060 1155             39                     ACALL DELAY125
0062 1155             40                     ACALL DELAY125
0064 1155             41                     ACALL DELAY125
0066 D000             42                     POP 00H
0068 E8               43                     MOV A, R0
0069 F5A0             44                     MOV P2, A
006B DDF1             45                     DJNZ R5, POPALL
                      46     END
A51 MACRO ASSEMBLER  STARTUP                                                              10/14/2023 10:37:38 PAGE     2

SYMBOL TABLE LISTING
------ ----- -------


N A M E             T Y P E  V A L U E   ATTRIBUTES

CONT . . . . . . .  C ADDR   003EH   A   
DELAY125 . . . . .  C ADDR   0055H   A   
LOOP1. . . . . . .  C ADDR   0057H   A   
P1 . . . . . . . .  D ADDR   0090H   A   
P2 . . . . . . . .  D ADDR   00A0H   A   
POPALL . . . . . .  C ADDR   005EH   A   
PUSH1. . . . . . .  C ADDR   004CH   A   
RUN. . . . . . . .  C ADDR   0032H   A   
RUN0 . . . . . . .  C ADDR   0030H   A   
SP . . . . . . . .  D ADDR   0081H   A   


REGISTER BANK(S) USED: 0 


ASSEMBLY COMPLETE.  0 WARNING(S), 0 ERROR(S)
