A51 MACRO ASSEMBLER  STARTUP                                                              10/23/2023 09:11:17 PAGE     1


MACRO ASSEMBLER A51 V8.2.7.0
OBJECT MODULE PLACED IN .\Objects\STARTUP.obj
ASSEMBLER INVOKED BY: C:\Keil_v5\C51\BIN\A51.EXE STARTUP.A51 SET(SMALL) DEBUG PRINT(.\Listings\STARTUP.lst) OBJECT(.\Obj
                      ects\STARTUP.obj) EP

LOC  OBJ            LINE     SOURCE

0000                   1     ORG 0000H ;code start from 00H
0000 802E              2     SJMP MAIN ;jump to MAIN
0003                   3     ORG 0003H ;vector address for INT0
0003 803F              4     SJMP INT0_ISR ;jump to INT0_ISR
0013                   5     ORG 0013H ;vector address for INT0
0013 8045              6     SJMP INT1_ISR ;jump to INT0_ISR
0030                   7     ORG 0030H ;after vector table space
0030                   8     MAIN:
0030 D2AF              9                     SETB EA
0032 D2A8             10                     SETB EX0
0034 D2AA             11                     SETB EX1
0036 D2BA             12                     SETB PX1
0038 758130           13                     MOV SP, #30H ;stack start from #30H
003B 7400             14                     MOV A, #00000000B ;set ACC as 0000000B
003D                  15     LOOP:
003D F5A0             16                     MOV P2, A ;P1 A (LED output)
003F 1170             17                     ACALL DELAY100 ;call delay function
0041 F4               18                     CPL A ;reverse A
0042 80F9             19                     SJMP LOOP ;infinite loop
0044                  20     INT0_ISR:
0044 C0D0             21                     PUSH PSW ;push PSW into stack
0046 C0E0             22                     PUSH ACC ;push ACC into stack
0048 D2D3             23                     SETB RS0 ;switch to RB1
004A 74F0             24                     MOV A, #11110000B ;set ACC as 11111110B
004C 7818             25                     MOV     R0, #24                         ;loop counter 24 (8*3)
004E                  26     ROTATE_L:
004E F5A0             27                     MOV P2, A                       ;P2 A (LED output)
0050 1170             28                     ACALL DELAY100                  ;call delay function
0052 23               29                     RL A                            ;rotate left
0053 D8F9             30                     DJNZ R0,ROTATE_L        ;loop until R0 is 0
0055 D0E0             31                     POP ACC                         ;pop out ACC from stac
0057 D0D0             32                     POP PSW                         ;pop out PSW from stack
0059 32               33                     RETI                            ;return from ISR
005A                  34     INT1_ISR:
005A C0D0             35                     PUSH PSW ;push PSW into stack
005C C0E0             36                     PUSH ACC ;push ACC into stack
005E D2D3             37                     SETB RS0 ;switch to RB1
0060 74FE             38                     MOV A, #11111110B ;set ACC as 11111110B
0062 7910             39                     MOV     R1, #16                         ;loop counter 24 (8*3)
0064                  40     ROTATE_L1:
0064 F5A0             41                     MOV P2, A                       ;P2 A (LED output)
0066 1170             42                     ACALL DELAY100                  ;call delay function
0068 23               43                     RL A                            ;rotate left
0069 D9F9             44                     DJNZ R1, ROTATE_L1      ;loop until R0 is 0
006B D0E0             45                     POP ACC                         ;pop out ACC from stac
006D D0D0             46                     POP PSW                         ;pop out PSW from stack
006F 32               47                     RETI 
0070                  48     DELAY100:
0070 7FC8             49                     MOV R7, #200
0072                  50     D1:
0072 7EFA             51                     MOV R6, #250
0074 DEFE             52                     DJNZ R6, $
0076 DFFA             53                     DJNZ R7, D1
0078 22               54                     RET
                      55     END
A51 MACRO ASSEMBLER  STARTUP                                                              10/23/2023 09:11:17 PAGE     2

SYMBOL TABLE LISTING
------ ----- -------


N A M E             T Y P E  V A L U E   ATTRIBUTES

ACC. . . . . . . .  D ADDR   00E0H   A   
D1 . . . . . . . .  C ADDR   0072H   A   
DELAY100 . . . . .  C ADDR   0070H   A   
EA . . . . . . . .  B ADDR   00A8H.7 A   
EX0. . . . . . . .  B ADDR   00A8H.0 A   
EX1. . . . . . . .  B ADDR   00A8H.2 A   
INT0_ISR . . . . .  C ADDR   0044H   A   
INT1_ISR . . . . .  C ADDR   005AH   A   
LOOP . . . . . . .  C ADDR   003DH   A   
MAIN . . . . . . .  C ADDR   0030H   A   
P2 . . . . . . . .  D ADDR   00A0H   A   
PSW. . . . . . . .  D ADDR   00D0H   A   
PX1. . . . . . . .  B ADDR   00B8H.2 A   
ROTATE_L . . . . .  C ADDR   004EH   A   
ROTATE_L1. . . . .  C ADDR   0064H   A   
RS0. . . . . . . .  B ADDR   00D0H.3 A   
SP . . . . . . . .  D ADDR   0081H   A   


REGISTER BANK(S) USED: 0 


ASSEMBLY COMPLETE.  0 WARNING(S), 0 ERROR(S)
