A51 MACRO ASSEMBLER  BASE1                                                                10/28/2023 11:06:34 PAGE     1


MACRO ASSEMBLER A51 V8.2.7.0
OBJECT MODULE PLACED IN .\Objects\base1.obj
ASSEMBLER INVOKED BY: C:\Keil_v5\C51\BIN\A51.EXE base1.A51 SET(SMALL) DEBUG PRINT(.\Listings\base1.lst) OBJECT(.\Objects
                      \base1.obj) EP

LOC  OBJ            LINE     SOURCE

0030                   1     ORG 0030H
0030 7400              2     MOV A, #0
0032 F590              3     MOV P1, A
0034                   4     START:
0034 7904              5                     MOV R1, #4
0036 7480              6                     MOV A, #10000000B
0038                   7     LOOP:   
0038 F5B0              8                     MOV P3, A
003A 03                9                     RR A
003B 1141             10                     CALL DELAY
003D D9F9             11                     DJNZ R1, LOOP
003F 80F3             12                     SJMP START
0041                  13     DELAY:
0041 7BFA             14                     MOV R3, #250
0043 DBFE             15                     DJNZ R3, $
0045 22               16                     RET
                      17     END
A51 MACRO ASSEMBLER  BASE1                                                                10/28/2023 11:06:34 PAGE     2

SYMBOL TABLE LISTING
------ ----- -------


N A M E             T Y P E  V A L U E   ATTRIBUTES

DELAY. . . . . . .  C ADDR   0041H   A   
LOOP . . . . . . .  C ADDR   0038H   A   
P1 . . . . . . . .  D ADDR   0090H   A   
P3 . . . . . . . .  D ADDR   00B0H   A   
START. . . . . . .  C ADDR   0034H   A   


REGISTER BANK(S) USED: 0 


ASSEMBLY COMPLETE.  0 WARNING(S), 0 ERROR(S)
