A51 MACRO ASSEMBLER  BASE1                                                                10/28/2023 18:34:37 PAGE     1


MACRO ASSEMBLER A51 V8.2.7.0
OBJECT MODULE PLACED IN .\Objects\base1.obj
ASSEMBLER INVOKED BY: C:\Keil_v5\C51\BIN\A51.EXE base1.A51 SET(SMALL) DEBUG PRINT(.\Listings\base1.lst) OBJECT(.\Objects
                      \base1.obj) EP

LOC  OBJ            LINE     SOURCE

0030                   1     ORG 0030H
0030 7400              2     MOV A, #00000000B
0032 F590              3     MOV P1, A
0034 74FE              4     MOV A, #11111110B
0036                   5     START:
0036 F5B0              6                     MOV P3, A
0038 113F              7                     CALL DELAY
003A 113F              8                     CALL DELAY
003C 03                9                     RR A
003D 80F7             10                     SJMP START
003F                  11     DELAY:
003F 7BFA             12                     MOV R3, #250
0041                  13     LOOP1:
0041 7CFA             14                     MOV R4, #250
0043 DCFE             15                     DJNZ R4, $
0045 7CFA             16                     MOV R4, #250
0047 DCFE             17                     DJNZ R4, $
0049 DBF6             18                     DJNZ R3, LOOP1
004B 22               19                     RET
                      20     END
A51 MACRO ASSEMBLER  BASE1                                                                10/28/2023 18:34:37 PAGE     2

SYMBOL TABLE LISTING
------ ----- -------


N A M E             T Y P E  V A L U E   ATTRIBUTES

DELAY. . . . . . .  C ADDR   003FH   A   
LOOP1. . . . . . .  C ADDR   0041H   A   
P1 . . . . . . . .  D ADDR   0090H   A   
P3 . . . . . . . .  D ADDR   00B0H   A   
START. . . . . . .  C ADDR   0036H   A   


REGISTER BANK(S) USED: 0 


ASSEMBLY COMPLETE.  0 WARNING(S), 0 ERROR(S)
