A51 MACRO ASSEMBLER  STARTUP                                                              09/27/2023 18:40:20 PAGE     1


MACRO ASSEMBLER A51 V8.2.7.0
OBJECT MODULE PLACED IN .\Objects\STARTUP.obj
ASSEMBLER INVOKED BY: C:\Keil_v5\C51\BIN\A51.EXE STARTUP.A51 SET(SMALL) DEBUG PRINT(.\Listings\STARTUP.lst) OBJECT(.\Obj
                      ects\STARTUP.obj) EP

LOC  OBJ            LINE     SOURCE

0000                   1     ORG 00H ; start address is 00H
0000 900026            2     MOV DPTR, #TABLE ; DPTR point to TABLE
0003 7804              3     START: MOV R0, #4 ; 4 LED
0005 7900              4     MOV R1, #0 ; table index
0007 7AFE              5     MOV R2, #0FEH ; LED drive pin(c0~c3)
0009 8AA0              6     LOOP: MOV P2, R2 ; select LED
000B E9                7     MOV A, R1 ; move R1 to A
000C 93                8     MOVC A, @A+DPTR ; get value from table
000D F590              9     MOV P1, A ; move value to P1
000F 1119             10     CALL DELAY ; delay 0.5 ms
0011 09               11     INC R1 ; increase R1
0012 EA               12     MOV A, R2 ; move R2 to A
0013 23               13     RL A ; rotate A
0014 FA               14     MOV R2, A ; move A back to R2
0015 D8F2             15     DJNZ R0, LOOP ; decrement R0 until 0
0017 80EA             16     SJMP START ; jump to start
                      17     
                      18     
0019 7C04             19     DELAY: MOV R4, #4 ; loop 4 times
001B 7DFA             20     LOOP1: MOV R5, #250 ; loop 250 times
001D 7EFA             21     LOOP2: MOV R6, #250 ; loop 250 times
001F DEFE             22     DJNZ R6, $ ; decrement R2 until 0
0021 DDFA             23     DJNZ R5, LOOP2 ; decrement R1 until 0
0023 DCF6             24     DJNZ R4, LOOP1 ; decrement R0 until 0
0025 22               25     RET ; return from subroutine
                      26     
0026 83               27     TABLE: DB 083H ; 0
0027 A4               28     DB 0A4H ; 1
0028 F9               29     DB 0F9H ; 2
0029 83               30     DB 083H ; 3
                      31     END ; end of program
A51 MACRO ASSEMBLER  STARTUP                                                              09/27/2023 18:40:20 PAGE     2

SYMBOL TABLE LISTING
------ ----- -------


N A M E             T Y P E  V A L U E   ATTRIBUTES

DELAY. . . . . . .  C ADDR   0019H   A   
LOOP . . . . . . .  C ADDR   0009H   A   
LOOP1. . . . . . .  C ADDR   001BH   A   
LOOP2. . . . . . .  C ADDR   001DH   A   
P1 . . . . . . . .  D ADDR   0090H   A   
P2 . . . . . . . .  D ADDR   00A0H   A   
START. . . . . . .  C ADDR   0003H   A   
TABLE. . . . . . .  C ADDR   0026H   A   


REGISTER BANK(S) USED: 0 


ASSEMBLY COMPLETE.  0 WARNING(S), 0 ERROR(S)
