A51 MACRO ASSEMBLER  STARTUP                                                              10/11/2023 20:39:23 PAGE     1


MACRO ASSEMBLER A51 V8.2.7.0
OBJECT MODULE PLACED IN .\Objects\STARTUP.obj
ASSEMBLER INVOKED BY: C:\Keil_v5\C51\BIN\A51.EXE STARTUP.A51 SET(SMALL) DEBUG PRINT(.\Listings\STARTUP.lst) OBJECT(.\Obj
                      ects\STARTUP.obj) EP

LOC  OBJ            LINE     SOURCE

0000                   1     ORG 0 ; start from 0000H
0000 900097            2     MOV DPTR, #TABLE ; DPTR point to TABLE
0003 7D02              3     MOV R5, #2
0005                   4     START:
0005 7801              5                     MOV R0, #1 ; initialize typed signal
0007 7904              6                     MOV R1, #4 ; set 3 rows
0009 7AF7              7                     MOV R2, #11110111B ; scan first row
000B                   8     SCAN:
000B EA                9                     MOV A, R2 ; move R2 to A
000C F5A0             10                     MOV P2, A ; input scanned signal
000E 30A712           11                     JNB P2.7, KEYIN ; scan column 1
0011 08               12                     INC R0 ; add #001H into R0
0012 30A60E           13                     JNB P2.6, KEYIN ; scan column 2
0015 08               14                     INC R0 ; add #001H into R0
0016 30A50A           15                     JNB P2.5, KEYIN ; scan column 3
0019 08               16                     INC R0 ; add #001H into R0
001A 30A414           17                     JNB P2.4, CAL
001D 03               18                     RR A ; next row
001E FA               19                     MOV R2, A ; move A to R2
001F D9EA             20                     DJNZ R1, SCAN ; scan 3 rows
0021 80E2             21                     SJMP START ; jump to scan keypad again
0023                  22     KEYIN:
0023 1181             23                     CALL DEBOUNCE
0025 E8               24                     MOV A, R0
0026 DD03             25                     DJNZ R5, KEYIN2
0028 FE               26                     MOV R6, A
0029 80DA             27                     SJMP START
002B                  28     KEYIN2:
002B 1181             29                     CALL DEBOUNCE
002D F5F0             30                     MOV B, A
002F 80D4             31                     SJMP START
0031                  32     CAL:
0031 30A309           33                     JNB P2.3, PLUS
0034 30A21B           34                     JNB P2.2, MINUS
0037 30A122           35                     JNB P2.1, DOT
003A 30A033           36                     JNB P2.0, DIVIDE
                      37     
                      38     
003D                  39     PLUS:
003D EE               40                     MOV A, R6
003E 25F0             41                     ADD     A, B
0040 75F00A           42                     MOV     B, #10
0043 84               43                     DIV AB
0044 93               44                     MOVC A, @A+DPTR
0045 F590             45                     MOV P1, A
0047 118A             46                     CALL DELAY250
0049 E5F0             47                     MOV A, B
004B 93               48                     MOVC A, @A+DPTR
004C F590             49                     MOV P1, A
004E 7D02             50                     MOV R5,#2
0050 80B3             51                     SJMP START
0052                  52     MINUS:
0052 EE               53                     MOV  A, R6
0053 95F0             54                     SUBB A, B
0055 93               55                     MOVC A, @A+DPTR
0056 F590             56                     MOV P1, A
0058 7D02             57                     MOV R5, #2
A51 MACRO ASSEMBLER  STARTUP                                                              10/11/2023 20:39:23 PAGE     2

005A 80A9             58                     SJMP START
005C                  59     DOT:
005C EE               60                     MOV A, R6
005D A4               61                     MUL AB
005E 75F00A           62                     MOV     B, #10
0061 84               63                     DIV AB
0062 93               64                     MOVC A, @A+DPTR
0063 F590             65                     MOV P1, A
0065 118A             66                     CALL DELAY250
0067 E5F0             67                     MOV A, B
0069 93               68                     MOVC A, @A+DPTR
006A F590             69                     MOV P1, A
006C 7D02             70                     MOV R5,#2;
006E 8095             71                     SJMP START
0070                  72     DIVIDE:
0070 EE               73                     MOV A, R6
0071 84               74                     DIV AB
0072 93               75                     MOVC A, @A+DPTR
0073 F590             76                     MOV P1, A
0075 118A             77                     CALL DELAY250
0077 E5F0             78                     MOV  A, B
0079 93               79                     MOVC A, @A+DPTR
007A F590             80                     MOV P1, A
007C 7D02             81                     MOV R5,#2
007E 020005           82                     LJMP START
                      83     
                      84     
0081                  85     DEBOUNCE:
0081 7C32             86                     MOV R4, #50 ; move 50 times into R4
0083                  87     DE_500_us:
0083 7BFA             88                     MOV R3, #250 ; move 250 times into R3
0085 DBFE             89                     DJNZ R3, $ ; jump to itself R3 times
0087 DCFA             90                     DJNZ R4, DE_500_us ; delay 25ms
0089 22               91                     RET ; return to main code
008A                  92     DELAY250:
008A 7CFA             93                     MOV R4, #250 ; move 50 times into R4
008C                  94     LOOP1:
008C 7BFA             95                     MOV R3, #250 ; move 250 times into R3
008E DBFE             96                     DJNZ R3, $ ; jump to itself R3 times
0090 7BFA             97                     MOV R3, #250 ; move 250 times into R3
0092 DBFE             98                     DJNZ R3, $ ; jump to itself R3 times
0094 DCF6             99                     DJNZ R4, LOOP1 ; delay 25ms
0096 22              100                     RET ; return to main code
0097                 101     TABLE:
0097 03              102                     DB 00000011B ; 0
0098 9F              103                     DB 10011111B ; display "1"
0099 25              104                     DB 00100101B ; display "2"
009A 0D              105                     DB 00001101B ; display "3"
009B 99              106                     DB 10011001B ; display "4"
009C 49              107                     DB 01001001B ; display "5"
009D 41              108                     DB 01000001B ; display "6"
009E 1B              109                     DB 00011011B ; display "7"
009F 01              110                     DB 00000001B ; display "8"
00A0 09              111                     DB 00001001B ; display "9"
                     112     END
A51 MACRO ASSEMBLER  STARTUP                                                              10/11/2023 20:39:23 PAGE     3

SYMBOL TABLE LISTING
------ ----- -------


N A M E             T Y P E  V A L U E   ATTRIBUTES

B. . . . . . . . .  D ADDR   00F0H   A   
CAL. . . . . . . .  C ADDR   0031H   A   
DEBOUNCE . . . . .  C ADDR   0081H   A   
DELAY250 . . . . .  C ADDR   008AH   A   
DE_500_US. . . . .  C ADDR   0083H   A   
DIVIDE . . . . . .  C ADDR   0070H   A   
DOT. . . . . . . .  C ADDR   005CH   A   
KEYIN. . . . . . .  C ADDR   0023H   A   
KEYIN2 . . . . . .  C ADDR   002BH   A   
LOOP1. . . . . . .  C ADDR   008CH   A   
MINUS. . . . . . .  C ADDR   0052H   A   
P1 . . . . . . . .  D ADDR   0090H   A   
P2 . . . . . . . .  D ADDR   00A0H   A   
PLUS . . . . . . .  C ADDR   003DH   A   
SCAN . . . . . . .  C ADDR   000BH   A   
START. . . . . . .  C ADDR   0005H   A   
TABLE. . . . . . .  C ADDR   0097H   A   


REGISTER BANK(S) USED: 0 


ASSEMBLY COMPLETE.  0 WARNING(S), 0 ERROR(S)
