A51 MACRO ASSEMBLER  STARTUP                                                              09/20/2023 23:01:34 PAGE     1


MACRO ASSEMBLER A51 V8.2.7.0
OBJECT MODULE PLACED IN .\Objects\STARTUP.obj
ASSEMBLER INVOKED BY: C:\Keil_v5\C51\BIN\A51.EXE STARTUP.A51 SET(SMALL) DEBUG PRINT(.\Listings\STARTUP.lst) OBJECT(.\Obj
                      ects\STARTUP.obj) EP

LOC  OBJ            LINE     SOURCE

0000                   1     ORG 0
0000 90000B            2     MOV DPTR, #TABLE
0003 7F04              3     START: MOV R7, #04H
0005 EF                4     LOOP: MOV A, R7
0006 93                5     MOVC A, @A+DPTR
0007 DFFC              6     DJNZ R7, LOOP
0009 80F8              7     SJMP START
000B 5B                8     TABLE: DB 5BH
000C 7C                9     DB 7CH
000D 1C               10     DB 1CH
000E 1C               11     DB 1CH
000F 3F               12     DB 3FH
                      13     END
A51 MACRO ASSEMBLER  STARTUP                                                              09/20/2023 23:01:34 PAGE     2

SYMBOL TABLE LISTING
------ ----- -------


N A M E             T Y P E  V A L U E   ATTRIBUTES

LOOP . . . . . . .  C ADDR   0005H   A   
START. . . . . . .  C ADDR   0003H   A   
TABLE. . . . . . .  C ADDR   000BH   A   


REGISTER BANK(S) USED: 0 


ASSEMBLY COMPLETE.  0 WARNING(S), 0 ERROR(S)
