C51 COMPILER V9.60.7.0   E                                                                 12/22/2023 16:39:37 PAGE 1   


C51 COMPILER V9.60.7.0, COMPILATION OF MODULE E
OBJECT MODULE PLACED IN .\Objects\e.obj
COMPILER INVOKED BY: C:\Keil_v5\C51\BIN\C51.EXE e.c OPTIMIZE(8,SPEED) BROWSE DEBUG OBJECTEXTEND PRINT(.\Listings\e.lst) 
                    -TABS(2) OBJECT(.\Objects\e.obj)

line level    source

   1          #include <regx52.h>
   2          #include <string.h>
   3          
   4          void print_msg(char[]);
   5          void write(char, int); 
   6          void delay(unsigned int);
   7          int intr0counter = 0; // interrupt 0 counter
   8          int intr1counter = 0; // interrupt 1 counter
   9          
  10          void main() {
  11   1          write(0x38, 0); // use 2 lines and 5x7 matrix
  12   1          write(0x0F, 0); // LCD ON, cursor ON, cursor blinking ON
  13   1          write(0x06, 0); // increment cursor
  14   1          write(0x01, 0); // clear screen
  15   1          while(1){
  16   2              write(0x01, 0); // clear screen
  17   2              write(0x80, 0); // DDRAM 1st row 1st column (00H)
  18   2              if(P0 < 81){
  19   3                  print_msg("LOW");
  20   3              }
  21   2              else if(P0 < 171){
  22   3                  print_msg("MIDDLE");
  23   3              }
  24   2              else if(P0 < 256){
  25   3                  print_msg("HIGH");
  26   3              }
  27   2              write(0xC0, 0); // DDRAM 2nd row 1st column (40H)
  28   2              if(P0 < 20){
  29   3                  print_msg("=");
  30   3              }
  31   2              else if(P0 < 40){
  32   3                  print_msg("==");
  33   3              }
  34   2              else if(P0 < 60){
  35   3                  print_msg("===");
  36   3              }
  37   2              else if(P0 < 80){
  38   3                  print_msg("====");
  39   3              }
  40   2              else if(P0 < 120){
  41   3                  print_msg("=====");
  42   3              }
  43   2              else if(P0 < 140){
  44   3                  print_msg("======");
  45   3              }
  46   2              else if(P0 < 160){
  47   3                  print_msg("=======");
  48   3              }
  49   2              else if(P0 < 180){
  50   3                  print_msg("========");
  51   3              }
  52   2              else if(P0 < 200){
  53   3                  print_msg("=========");
  54   3              }
C51 COMPILER V9.60.7.0   E                                                                 12/22/2023 16:39:37 PAGE 2   

  55   2              else if(P0 < 220){
  56   3                  print_msg("==========");
  57   3              }
  58   2              else if(P0 < 240){
  59   3                  print_msg("===========");
  60   3              }
  61   2              else if(P0 < 256){
  62   3                  print_msg("============");
  63   3              }
  64   2              delay(16384);
  65   2          }
  66   1      }
  67          
  68          void print_msg(char msg[]) {
  69   1          int i;
  70   1          for (i=0; i<strlen(msg); i++) // for every character
  71   1              write(msg[i], 1); // monitor displays character
  72   1      }
  73          
  74          void write(char cmd, int rs_value) {
  75   1          P1 = cmd; // P1=cmd
  76   1          P3_6 = rs_value; // RS=rs (1or0)
  77   1          P3_7 = 1; // ENABLE high
  78   1          delay(100);
  79   1          P3_7 = 0; // ENABLE low
  80   1      }
  81          
  82          void delay(unsigned int i) {
  83   1          while (i--); 
  84   1      }


MODULE INFORMATION:   STATIC OVERLAYABLE
   CODE SIZE        =    389    ----
   CONSTANT SIZE    =    106    ----
   XDATA SIZE       =   ----    ----
   PDATA SIZE       =   ----    ----
   DATA SIZE        =      4       5
   IDATA SIZE       =   ----    ----
   BIT SIZE         =   ----    ----
END OF MODULE INFORMATION.


C51 COMPILATION COMPLETE.  0 WARNING(S),  0 ERROR(S)
