BL51 BANKED LINKER/LOCATER V6.22.4.0                                                    10/28/2023  20:13:28  PAGE 1


BL51 BANKED LINKER/LOCATER V6.22.4.0, INVOKED BY:
C:\KEIL_V5\C51\BIN\BL51.EXE .\Objects\STARTUP.obj TO .\Objects\t12 PRINT (.\Listings\t12.m51) RAMSIZE (256) CODE (0X0000
>> -0X1FFF)


INPUT MODULES INCLUDED:
  .\Objects\STARTUP.obj (STARTUP)


LINK MAP OF MODULE:  .\Objects\t12 (STARTUP)


            TYPE    BASE      LENGTH    RELOCATION   SEGMENT NAME
            -----------------------------------------------------

            * * * * * * *   D A T A   M E M O R Y   * * * * * * *
            REG     0000H     0008H     ABSOLUTE     "REG BANK 0"

            * * * * * * *   C O D E   M E M O R Y   * * * * * * *
            CODE    0000H     01A1H     ABSOLUTE     



SYMBOL TABLE OF MODULE:  .\Objects\t12 (STARTUP)

  VALUE           TYPE          NAME
  ----------------------------------

  -------         MODULE        STARTUP
  D:00F0H         SYMBOL        B
  C:0108H         SYMBOL        CAL
  C:0164H         SYMBOL        COUNTDOWN
  C:012AH         SYMBOL        DEBOUNCE
  C:012CH         SYMBOL        DEL_100_MS
  C:015BH         SYMBOL        DEL_300_US
  C:012EH         SYMBOL        DEL_500_US
  C:0137H         SYMBOL        DISPLAY
  C:0125H         SYMBOL        DIV_CAL
  C:0197H         SYMBOL        DP_TABLE
  C:00C1H         SYMBOL        EQUAL
  D:00A8H         SYMBOL        IE
  C:0030H         SYMBOL        INIT
  C:0160H         SYMBOL        INT0_ISR
  B:0088H.0       SYMBOL        IT0
  C:0187H         SYMBOL        KB_TABLE
  C:006EH         SYMBOL        KEY_IN
  C:006AH         SYMBOL        KEY_OUT
  C:0095H         SYMBOL        L_BRACKETS
  C:0046H         SYMBOL        MAIN
  C:011DH         SYMBOL        MUL_CAL
  C:007AH         SYMBOL        NEXT1
  C:007FH         SYMBOL        NEXT2
  C:0084H         SYMBOL        NEXT3
  C:0089H         SYMBOL        NEXT4
  C:008EH         SYMBOL        NEXT5
  C:0093H         SYMBOL        NEXT6
  C:00B3H         SYMBOL        OP_IN
  D:0090H         SYMBOL        P1
BL51 BANKED LINKER/LOCATER V6.22.4.0                                                  10/28/2023  20:13:28  PAGE 2


  D:00A0H         SYMBOL        P2
  D:00B0H         SYMBOL        P3
  C:00FCH         SYMBOL        POP_CAL
  B:00D0H.3       SYMBOL        RS0
  C:009FH         SYMBOL        R_BRACKETS
  C:00D0H         SYMBOL        SAVE_IN
  C:004EH         SYMBOL        SCAN
  C:016FH         SYMBOL        SET_DEGITS
  C:017EH         SYMBOL        SHOW
  C:0180H         SYMBOL        SHOW1
  C:00F6H         SYMBOL        SKIP_REFRESH
  D:0081H         SYMBOL        SP
  C:0114H         SYMBOL        SUB_CAL
  C:0000H         LINE#         2
  C:0003H         LINE#         4
  C:0030H         LINE#         7
  C:0032H         LINE#         8
  C:0035H         LINE#         9
  C:0038H         LINE#         10
  C:003AH         LINE#         11
  C:003CH         LINE#         12
  C:003EH         LINE#         13
  C:0040H         LINE#         14
  C:0042H         LINE#         15
  C:0044H         LINE#         16
  C:0046H         LINE#         18
  C:0048H         LINE#         19
  C:004AH         LINE#         20
  C:004CH         LINE#         21
  C:004EH         LINE#         23
  C:0050H         LINE#         24
  C:0051H         LINE#         25
  C:0053H         LINE#         26
  C:0056H         LINE#         27
  C:0059H         LINE#         28
  C:005AH         LINE#         29
  C:005DH         LINE#         30
  C:005EH         LINE#         31
  C:0061H         LINE#         32
  C:0062H         LINE#         33
  C:0065H         LINE#         34
  C:0066H         LINE#         35
  C:0067H         LINE#         36
  C:0068H         LINE#         37
  C:006AH         LINE#         39
  C:006CH         LINE#         40
  C:006EH         LINE#         42
  C:0070H         LINE#         43
  C:0073H         LINE#         44
  C:0074H         LINE#         45
  C:0075H         LINE#         46
  C:0078H         LINE#         47
  C:007AH         LINE#         49
  C:007DH         LINE#         50
  C:007FH         LINE#         52
  C:0082H         LINE#         53
  C:0084H         LINE#         55
BL51 BANKED LINKER/LOCATER V6.22.4.0                                                  10/28/2023  20:13:28  PAGE 3


  C:0087H         LINE#         56
  C:0089H         LINE#         58
  C:008CH         LINE#         59
  C:008EH         LINE#         61
  C:0091H         LINE#         62
  C:0093H         LINE#         64
  C:0095H         LINE#         66
  C:0097H         LINE#         67
  C:0099H         LINE#         68
  C:009BH         LINE#         69
  C:009DH         LINE#         70
  C:009FH         LINE#         72
  C:00A1H         LINE#         73
  C:00A3H         LINE#         74
  C:00A5H         LINE#         75
  C:00A7H         LINE#         76
  C:00A9H         LINE#         77
  C:00ABH         LINE#         78
  C:00ADH         LINE#         79
  C:00AFH         LINE#         80
  C:00B1H         LINE#         81
  C:00B3H         LINE#         83
  C:00B5H         LINE#         84
  C:00B7H         LINE#         85
  C:00B9H         LINE#         86
  C:00BBH         LINE#         87
  C:00BDH         LINE#         88
  C:00BFH         LINE#         89
  C:00C1H         LINE#         91
  C:00C3H         LINE#         92
  C:00C5H         LINE#         93
  C:00C7H         LINE#         94
  C:00CAH         LINE#         95
  C:00CCH         LINE#         96
  C:00CEH         LINE#         97
  C:00D0H         LINE#         100
  C:00D2H         LINE#         101
  C:00D3H         LINE#         102
  C:00D4H         LINE#         103
  C:00D5H         LINE#         104
  C:00D6H         LINE#         105
  C:00D7H         LINE#         106
  C:00D8H         LINE#         107
  C:00D9H         LINE#         108
  C:00DAH         LINE#         109
  C:00DDH         LINE#         110
  C:00DEH         LINE#         111
  C:00DFH         LINE#         112
  C:00E0H         LINE#         113
  C:00E3H         LINE#         114
  C:00E4H         LINE#         115
  C:00E6H         LINE#         116
  C:00E8H         LINE#         117
  C:00EAH         LINE#         118
  C:00ECH         LINE#         119
  C:00EDH         LINE#         120
  C:00F0H         LINE#         121
BL51 BANKED LINKER/LOCATER V6.22.4.0                                                  10/28/2023  20:13:28  PAGE 4


  C:00F2H         LINE#         122
  C:00F4H         LINE#         123
  C:00F6H         LINE#         125
  C:00F8H         LINE#         126
  C:00FAH         LINE#         127
  C:00FCH         LINE#         129
  C:00FEH         LINE#         130
  C:0100H         LINE#         131
  C:0102H         LINE#         132
  C:0104H         LINE#         133
  C:0106H         LINE#         134
  C:0108H         LINE#         136
  C:0109H         LINE#         137
  C:010BH         LINE#         138
  C:010EH         LINE#         139
  C:0110H         LINE#         140
  C:0111H         LINE#         141
  C:0113H         LINE#         142
  C:0114H         LINE#         144
  C:0117H         LINE#         145
  C:0119H         LINE#         146
  C:011AH         LINE#         147
  C:011CH         LINE#         148
  C:011DH         LINE#         150
  C:0120H         LINE#         151
  C:0121H         LINE#         152
  C:0122H         LINE#         153
  C:0124H         LINE#         154
  C:0125H         LINE#         156
  C:0126H         LINE#         157
  C:0127H         LINE#         158
  C:0129H         LINE#         159
  C:012AH         LINE#         160
  C:012CH         LINE#         161
  C:012EH         LINE#         162
  C:0130H         LINE#         163
  C:0132H         LINE#         164
  C:0134H         LINE#         165
  C:0136H         LINE#         166
  C:0137H         LINE#         168
  C:013AH         LINE#         169
  C:013CH         LINE#         170
  C:013EH         LINE#         171
  C:013FH         LINE#         172
  C:0140H         LINE#         173
  C:0142H         LINE#         174
  C:0144H         LINE#         175
  C:0146H         LINE#         176
  C:0148H         LINE#         177
  C:0149H         LINE#         178
  C:014AH         LINE#         179
  C:014CH         LINE#         180
  C:014EH         LINE#         181
  C:0150H         LINE#         182
  C:0152H         LINE#         183
  C:0153H         LINE#         184
  C:0154H         LINE#         185
BL51 BANKED LINKER/LOCATER V6.22.4.0                                                  10/28/2023  20:13:28  PAGE 5


  C:0156H         LINE#         186
  C:0158H         LINE#         187
  C:015AH         LINE#         188
  C:015BH         LINE#         190
  C:015DH         LINE#         191
  C:015FH         LINE#         192
  C:0160H         LINE#         194
  C:0162H         LINE#         195
  C:0164H         LINE#         196
  C:0166H         LINE#         197
  C:0168H         LINE#         198
  C:016AH         LINE#         199
  C:016CH         LINE#         200
  C:016EH         LINE#         201
  C:016FH         LINE#         203
  C:0170H         LINE#         204
  C:0173H         LINE#         205
  C:0174H         LINE#         206
  C:0176H         LINE#         207
  C:0179H         LINE#         208
  C:017AH         LINE#         209
  C:017CH         LINE#         210
  C:017DH         LINE#         211
  C:017EH         LINE#         213
  C:0180H         LINE#         214
  C:0182H         LINE#         215
  C:0184H         LINE#         216
  C:0186H         LINE#         217
  -------         ENDMOD        STARTUP

******************************************************************************
* RESTRICTED VERSION WITH 0800H BYTE CODE SIZE LIMIT; USED: 0175H BYTE (18%) *
******************************************************************************

Program Size: data=8.0 xdata=0 code=417
LINK/LOCATE RUN COMPLETE.  0 WARNING(S),  0 ERROR(S)
