BL51 BANKED LINKER/LOCATER V6.22.4.0                                                    10/31/2023  17:49:00  PAGE 1


BL51 BANKED LINKER/LOCATER V6.22.4.0, INVOKED BY:
C:\KEIL_V5\C51\BIN\BL51.EXE .\Objects\STARTUP.obj TO .\Objects\t12 PRINT (.\Listings\t12.m51) RAMSIZE (256) CODE (0X0000
>> -0X1FFF)


INPUT MODULES INCLUDED:
  .\Objects\STARTUP.obj (STARTUP)


LINK MAP OF MODULE:  .\Objects\t12 (STARTUP)


            TYPE    BASE      LENGTH    RELOCATION   SEGMENT NAME
            -----------------------------------------------------

            * * * * * * *   D A T A   M E M O R Y   * * * * * * *
            REG     0000H     0008H     ABSOLUTE     "REG BANK 0"

            * * * * * * *   C O D E   M E M O R Y   * * * * * * *
            CODE    0000H     01ABH     ABSOLUTE     



SYMBOL TABLE OF MODULE:  .\Objects\t12 (STARTUP)

  VALUE           TYPE          NAME
  ----------------------------------

  -------         MODULE        STARTUP
  D:00F0H         SYMBOL        B
  C:0106H         SYMBOL        CAL
  C:016BH         SYMBOL        COUNTDOWN
  C:0128H         SYMBOL        DEBOUNCE
  C:012AH         SYMBOL        DEL_100_MS
  C:0164H         SYMBOL        DEL_300_US
  C:012CH         SYMBOL        DEL_500_US
  C:0135H         SYMBOL        DISPLAY
  C:0123H         SYMBOL        DIV_CAL
  C:01A1H         SYMBOL        DP_TABLE
  C:00BFH         SYMBOL        EQUAL
  D:00A8H         SYMBOL        IE
  C:0030H         SYMBOL        INIT
  C:0169H         SYMBOL        INT0_ISR
  B:0088H.0       SYMBOL        IT0
  C:0191H         SYMBOL        KB_TABLE
  C:006CH         SYMBOL        KEY_IN
  C:0068H         SYMBOL        KEY_OUT
  C:0093H         SYMBOL        L_BRACKETS
  C:0044H         SYMBOL        MAIN
  C:011BH         SYMBOL        MUL_CAL
  C:0078H         SYMBOL        NEXT1
  C:007DH         SYMBOL        NEXT2
  C:0082H         SYMBOL        NEXT3
  C:0087H         SYMBOL        NEXT4
  C:008CH         SYMBOL        NEXT5
  C:0091H         SYMBOL        NEXT6
  C:00B1H         SYMBOL        OP_IN
  D:0090H         SYMBOL        P1
BL51 BANKED LINKER/LOCATER V6.22.4.0                                                  10/31/2023  17:49:00  PAGE 2


  D:00A0H         SYMBOL        P2
  D:00B0H         SYMBOL        P3
  C:00FAH         SYMBOL        POP_CAL
  B:00D0H.3       SYMBOL        RS0
  C:009DH         SYMBOL        R_BRACKETS
  C:00CEH         SYMBOL        SAVE_IN
  C:004CH         SYMBOL        SCAN
  C:0179H         SYMBOL        SET_DEGITS
  C:0188H         SYMBOL        SHOW
  C:018AH         SYMBOL        SHOW1
  C:00F4H         SYMBOL        SKIP_REFRESH
  D:0081H         SYMBOL        SP
  C:0175H         SYMBOL        STOP1
  C:0112H         SYMBOL        SUB_CAL
  C:0000H         LINE#         2
  C:0003H         LINE#         4
  C:0030H         LINE#         8
  C:0033H         LINE#         9
  C:0036H         LINE#         10
  C:0038H         LINE#         11
  C:003AH         LINE#         12
  C:003CH         LINE#         13
  C:003EH         LINE#         14
  C:0040H         LINE#         15
  C:0042H         LINE#         16
  C:0044H         LINE#         18
  C:0046H         LINE#         19
  C:0048H         LINE#         20
  C:004AH         LINE#         21
  C:004CH         LINE#         23
  C:004EH         LINE#         24
  C:004FH         LINE#         25
  C:0051H         LINE#         26
  C:0054H         LINE#         27
  C:0057H         LINE#         28
  C:0058H         LINE#         29
  C:005BH         LINE#         30
  C:005CH         LINE#         31
  C:005FH         LINE#         32
  C:0060H         LINE#         33
  C:0063H         LINE#         34
  C:0064H         LINE#         35
  C:0065H         LINE#         36
  C:0066H         LINE#         37
  C:0068H         LINE#         39
  C:006AH         LINE#         40
  C:006CH         LINE#         42
  C:006EH         LINE#         43
  C:0071H         LINE#         44
  C:0072H         LINE#         45
  C:0073H         LINE#         46
  C:0076H         LINE#         47
  C:0078H         LINE#         49
  C:007BH         LINE#         50
  C:007DH         LINE#         52
  C:0080H         LINE#         53
  C:0082H         LINE#         55
BL51 BANKED LINKER/LOCATER V6.22.4.0                                                  10/31/2023  17:49:00  PAGE 3


  C:0085H         LINE#         56
  C:0087H         LINE#         58
  C:008AH         LINE#         59
  C:008CH         LINE#         61
  C:008FH         LINE#         62
  C:0091H         LINE#         64
  C:0093H         LINE#         66
  C:0095H         LINE#         67
  C:0097H         LINE#         68
  C:0099H         LINE#         69
  C:009BH         LINE#         70
  C:009DH         LINE#         72
  C:009FH         LINE#         73
  C:00A1H         LINE#         74
  C:00A3H         LINE#         75
  C:00A5H         LINE#         76
  C:00A7H         LINE#         77
  C:00A9H         LINE#         78
  C:00ABH         LINE#         79
  C:00ADH         LINE#         80
  C:00AFH         LINE#         81
  C:00B1H         LINE#         83
  C:00B3H         LINE#         84
  C:00B5H         LINE#         85
  C:00B7H         LINE#         86
  C:00B9H         LINE#         87
  C:00BBH         LINE#         88
  C:00BDH         LINE#         89
  C:00BFH         LINE#         91
  C:00C1H         LINE#         92
  C:00C3H         LINE#         93
  C:00C5H         LINE#         94
  C:00C8H         LINE#         95
  C:00CAH         LINE#         96
  C:00CCH         LINE#         97
  C:00CEH         LINE#         100
  C:00D0H         LINE#         101
  C:00D1H         LINE#         102
  C:00D2H         LINE#         103
  C:00D3H         LINE#         104
  C:00D4H         LINE#         105
  C:00D5H         LINE#         106
  C:00D6H         LINE#         107
  C:00D7H         LINE#         108
  C:00D8H         LINE#         109
  C:00DBH         LINE#         110
  C:00DCH         LINE#         111
  C:00DDH         LINE#         112
  C:00DEH         LINE#         113
  C:00E1H         LINE#         114
  C:00E2H         LINE#         115
  C:00E4H         LINE#         116
  C:00E6H         LINE#         117
  C:00E8H         LINE#         118
  C:00EAH         LINE#         119
  C:00EBH         LINE#         120
  C:00EEH         LINE#         121
BL51 BANKED LINKER/LOCATER V6.22.4.0                                                  10/31/2023  17:49:00  PAGE 4


  C:00F0H         LINE#         122
  C:00F2H         LINE#         123
  C:00F4H         LINE#         125
  C:00F6H         LINE#         126
  C:00F8H         LINE#         127
  C:00FAH         LINE#         129
  C:00FCH         LINE#         130
  C:00FEH         LINE#         131
  C:0100H         LINE#         132
  C:0102H         LINE#         133
  C:0104H         LINE#         134
  C:0106H         LINE#         136
  C:0107H         LINE#         137
  C:0109H         LINE#         138
  C:010CH         LINE#         139
  C:010EH         LINE#         140
  C:010FH         LINE#         141
  C:0111H         LINE#         142
  C:0112H         LINE#         144
  C:0115H         LINE#         145
  C:0117H         LINE#         146
  C:0118H         LINE#         147
  C:011AH         LINE#         148
  C:011BH         LINE#         150
  C:011EH         LINE#         151
  C:011FH         LINE#         152
  C:0120H         LINE#         153
  C:0122H         LINE#         154
  C:0123H         LINE#         156
  C:0124H         LINE#         157
  C:0125H         LINE#         158
  C:0127H         LINE#         159
  C:0128H         LINE#         160
  C:012AH         LINE#         161
  C:012CH         LINE#         162
  C:012EH         LINE#         163
  C:0130H         LINE#         164
  C:0132H         LINE#         165
  C:0134H         LINE#         166
  C:0135H         LINE#         168
  C:0138H         LINE#         169
  C:013AH         LINE#         170
  C:013CH         LINE#         171
  C:013EH         LINE#         172
  C:013FH         LINE#         173
  C:0141H         LINE#         174
  C:0143H         LINE#         175
  C:0145H         LINE#         176
  C:0147H         LINE#         177
  C:0148H         LINE#         178
  C:0149H         LINE#         179
  C:014BH         LINE#         180
  C:014DH         LINE#         181
  C:014FH         LINE#         182
  C:0151H         LINE#         183
  C:0152H         LINE#         184
  C:0153H         LINE#         185
BL51 BANKED LINKER/LOCATER V6.22.4.0                                                  10/31/2023  17:49:00  PAGE 5


  C:0155H         LINE#         186
  C:0157H         LINE#         187
  C:0159H         LINE#         188
  C:015BH         LINE#         189
  C:015CH         LINE#         190
  C:015DH         LINE#         191
  C:015FH         LINE#         192
  C:0161H         LINE#         193
  C:0163H         LINE#         194
  C:0164H         LINE#         196
  C:0166H         LINE#         197
  C:0168H         LINE#         198
  C:0169H         LINE#         200
  C:016BH         LINE#         202
  C:016DH         LINE#         203
  C:016FH         LINE#         204
  C:0171H         LINE#         205
  C:0173H         LINE#         206
  C:0175H         LINE#         207
  C:0177H         LINE#         208
  C:0179H         LINE#         210
  C:017AH         LINE#         211
  C:017DH         LINE#         212
  C:017EH         LINE#         213
  C:0180H         LINE#         214
  C:0183H         LINE#         215
  C:0184H         LINE#         216
  C:0186H         LINE#         217
  C:0187H         LINE#         218
  C:0188H         LINE#         220
  C:018AH         LINE#         221
  C:018CH         LINE#         222
  C:018EH         LINE#         223
  C:0190H         LINE#         224
  -------         ENDMOD        STARTUP

******************************************************************************
* RESTRICTED VERSION WITH 0800H BYTE CODE SIZE LIMIT; USED: 017FH BYTE (18%) *
******************************************************************************

Program Size: data=8.0 xdata=0 code=427
LINK/LOCATE RUN COMPLETE.  0 WARNING(S),  0 ERROR(S)
